Command line invocation:
    /Applications/Xcode.app/Contents/Developer/usr/bin/xcodebuild build -scheme Cosmo -destination "platform=iOS Simulator,name=iPhone 17 Pro"

ComputePackagePrebuildTargetDependencyGraph

Prepare packages

CreateBuildRequest

SendProjectDescription

CreateBuildOperation

ComputeTargetDependencyGraph
note: Building targets in dependency order
note: Target dependency graph (1 target)
    Target 'Cosmo' in project 'Cosmo' (no dependencies)

GatherProvisioningInputs

CreateBuildDescription

ExecuteExternalTool /Applications/Xcode.app/Contents/Developer/Toolchains/XcodeDefault.xctoolchain/usr/bin/clang -v -E -dM -isysroot /Applications/Xcode.app/Contents/Developer/Platforms/iPhoneSimulator.platform/Developer/SDKs/iPhoneSimulator26.2.sdk -x c -c /dev/null

ExecuteExternalTool /Applications/Xcode.app/Contents/Developer/usr/bin/actool --print-asset-tag-combinations --output-format xml1 /Users/admin5/Desktop/iOS/iOS Apps/Cosmo/Cosmo/Preview Content/Preview Assets.xcassets /Users/admin5/Desktop/iOS/iOS Apps/Cosmo/Cosmo/Assets.xcassets

ExecuteExternalTool /Applications/Xcode.app/Contents/Developer/usr/bin/actool --version --output-format xml1

ExecuteExternalTool /Applications/Xcode.app/Contents/Developer/Toolchains/XcodeDefault.xctoolchain/usr/bin/swiftc --version

ExecuteExternalTool /Applications/Xcode.app/Contents/Developer/Toolchains/XcodeDefault.xctoolchain/usr/bin/ld -version_details

Build description signature: 25d8c69b30f0b7a576f292f89636e5e3
Build description path: /Users/admin5/Library/Developer/Xcode/DerivedData/Cosmo-eudicbnzjxggcharpanpvudimqzr/Build/Intermediates.noindex/XCBuildData/25d8c69b30f0b7a576f292f89636e5e3.xcbuilddata
ClangStatCache /Applications/Xcode.app/Contents/Developer/Toolchains/XcodeDefault.xctoolchain/usr/bin/clang-stat-cache /Applications/Xcode.app/Contents/Developer/Platforms/iPhoneSimulator.platform/Developer/SDKs/iPhoneSimulator26.2.sdk /Users/admin5/Library/Developer/Xcode/DerivedData/SDKStatCaches.noindex/iphonesimulator26.2-23C53-7d00a8b37fbd7999ea79df8ebc024bf0.sdkstatcache
    cd /Users/admin5/Desktop/iOS/iOS\ Apps/Cosmo/Cosmo.xcodeproj
    /Applications/Xcode.app/Contents/Developer/Toolchains/XcodeDefault.xctoolchain/usr/bin/clang-stat-cache /Applications/Xcode.app/Contents/Developer/Platforms/iPhoneSimulator.platform/Developer/SDKs/iPhoneSimulator26.2.sdk -o /Users/admin5/Library/Developer/Xcode/DerivedData/SDKStatCaches.noindex/iphonesimulator26.2-23C53-7d00a8b37fbd7999ea79df8ebc024bf0.sdkstatcache

ProcessInfoPlistFile /Users/admin5/Library/Developer/Xcode/DerivedData/Cosmo-eudicbnzjxggcharpanpvudimqzr/Build/Products/Debug-iphonesimulator/Cosmo.app/Info.plist /Users/admin5/Library/Developer/Xcode/DerivedData/Cosmo-eudicbnzjxggcharpanpvudimqzr/Build/Intermediates.noindex/Cosmo.build/Debug-iphonesimulator/Cosmo.build/empty-Cosmo.plist (in target 'Cosmo' from project 'Cosmo')
    cd /Users/admin5/Desktop/iOS/iOS\ Apps/Cosmo
    builtin-infoPlistUtility /Users/admin5/Library/Developer/Xcode/DerivedData/Cosmo-eudicbnzjxggcharpanpvudimqzr/Build/Intermediates.noindex/Cosmo.build/Debug-iphonesimulator/Cosmo.build/empty-Cosmo.plist -producttype com.apple.product-type.application -genpkginfo /Users/admin5/Library/Developer/Xcode/DerivedData/Cosmo-eudicbnzjxggcharpanpvudimqzr/Build/Products/Debug-iphonesimulator/Cosmo.app/PkgInfo -expandbuildsettings -format binary -platform iphonesimulator -additionalcontentfile /Users/admin5/Library/Developer/Xcode/DerivedData/Cosmo-eudicbnzjxggcharpanpvudimqzr/Build/Intermediates.noindex/Cosmo.build/Debug-iphonesimulator/Cosmo.build/assetcatalog_generated_info.plist -o /Users/admin5/Library/Developer/Xcode/DerivedData/Cosmo-eudicbnzjxggcharpanpvudimqzr/Build/Products/Debug-iphonesimulator/Cosmo.app/Info.plist

** BUILD SUCCEEDED **

